// Jest Snapshot v1, https://goo.gl/fbAQLP

exports[`HomePage Container Snap Test render() renders the component 1`] = `
<div
  className="home-page"
>
  <div
    className="nav-head"
  >
    <div
      className="head-bar-comp"
    >
      <div
        className="col-head-bar insta-logo-text"
      >
        <img
          alt="Intagram Logo Text"
          src="instagram-text.jpg"
        />
      </div>
      <div
        className="col-head-bar head-icon"
      >
        <img
          alt="Intagram Logo Text"
          src="plus-icon.jpg"
        />
      </div>
      <div
        className="col-head-bar head-icon"
      >
        <img
          alt="Intagram Logo Text"
          src="heart-icon.jpg"
        />
      </div>
      <div
        className="col-head-bar head-icon"
      >
        <img
          alt="Intagram Logo Text"
          src="comment-icon.jpg"
        />
      </div>
    </div>
  </div>
  <div
    className="nav-stories"
  >
    <div
      className="stories-nav-comp"
    >
      <div
        className="story-item"
      >
        <div
          className="story-col"
        >
          <img
            alt="story of thomijasir"
            src="https://picsum.photos/seed/picsum/100/100"
          />
        </div>
        <div
          className="story-col"
        >
          thomijasir
        </div>
      </div>
      <div
        className="story-item"
      >
        <div
          className="story-col"
        >
          <img
            alt="story of galuutama"
            src="https://picsum.photos/seed/picsum/100/100"
          />
        </div>
        <div
          className="story-col"
        >
          galuutama
        </div>
      </div>
      <div
        className="story-item"
      >
        <div
          className="story-col"
        >
          <img
            alt="story of susantowijayanto"
            src="https://picsum.photos/seed/picsum/100/100"
          />
        </div>
        <div
          className="story-col"
        >
          susantowijayanto
        </div>
      </div>
      <div
        className="story-item"
      >
        <div
          className="story-col"
        >
          <img
            alt="story of larasatibudiono"
            src="https://picsum.photos/seed/picsum/100/100"
          />
        </div>
        <div
          className="story-col"
        >
          larasatibudiono
        </div>
      </div>
      <div
        className="story-item"
      >
        <div
          className="story-col"
        >
          <img
            alt="story of anharsiharamtea"
            src="https://picsum.photos/seed/picsum/100/100"
          />
        </div>
        <div
          className="story-col"
        >
          anharsiharamtea
        </div>
      </div>
      <div
        className="story-item"
      >
        <div
          className="story-col"
        >
          <img
            alt="story of anharsiharamtea"
            src="https://picsum.photos/seed/picsum/100/100"
          />
        </div>
        <div
          className="story-col"
        >
          anharsiharamtea
        </div>
      </div>
      <div
        className="story-item"
      >
        <div
          className="story-col"
        >
          <img
            alt="story of anharsiharamtea"
            src="https://picsum.photos/seed/picsum/100/100"
          />
        </div>
        <div
          className="story-col"
        >
          anharsiharamtea
        </div>
      </div>
    </div>
  </div>
</div>
`;
