// Jest Snapshot v1, https://goo.gl/fbAQLP

exports[`HomePage Container Snap Test render() renders the component 1`] = `
<div
  className="home-page"
>
  <div
    className="head-bar-comp"
  >
    <div
      className="col-head-bar insta-logo"
    >
      <img
        alt="Intagram Logo Text"
        src="instagram-text.jpg"
      />
    </div>
    <div
      className="col-head-bar head-icon"
    >
      <img
        alt="Intagram Logo Text"
        src="plus-icon.jpg"
      />
    </div>
    <div
      className="col-head-bar head-icon"
    >
      <img
        alt="Intagram Logo Text"
        src="heart-icon.jpg"
      />
    </div>
    <div
      className="col-head-bar head-icon"
    >
      <img
        alt="Intagram Logo Text"
        src="comment-icon.jpg"
      />
    </div>
  </div>
</div>
`;
