// Jest Snapshot v1, https://goo.gl/fbAQLP

exports[`Loading General Component Snap Test render() renders the component 1`] = `
<div
  className="loading-mask "
>
  <div
    className="insta-logo"
  >
    <img
      alt="loading"
      className="logo"
      src="instagram-logo.jpg"
    />
  </div>
  <div
    className="meta-logo"
  >
    <img
      alt="loading"
      src="instagram-logo-bottom.jpg"
    />
  </div>
</div>
`;
